
==================================================
AUTOMATIC RECONCILIATION RUN: 2026-07-21T20:23:07.913Z
==================================================
Reconciling Periode: 2026-07-01 -> Fri Jul 31 2026 00:00:00 GM
✅ Neraca Balance (Laba Bersih: Rp 0)
ERROR DURING RECONCILIATION: (intermediate value) is not iterable

==================================================
AUTOMATIC RECONCILIATION RUN: 2026-07-21T20:23:39.595Z
==================================================
Reconciling Periode: 2026-07-01 -> Fri Jul 31 2026 00:00:00 GM
✅ Neraca Balance (Laba Bersih: Rp 0)
Reconciling Periode: 2026-06-01 -> 
✅ Neraca Balance (Laba Bersih: Rp 0)
Result: ALL BALANCED

==================================================
AUTOMATIC RECONCILIATION RUN: 2026-07-21T20:24:11.862Z
==================================================
Reconciling Periode: 2026-07-01 -> 2026-07-31
✅ Neraca Balance (Laba Bersih: Rp 218.530)
Reconciling Periode: 2026-06-01 -> 2026-06-30
✅ Neraca Balance (Laba Bersih: Rp 2.557.490)
Result: ALL BALANCED

==================================================
AUTOMATIC RECONCILIATION RUN: 2026-07-21T20:36:55.425Z
==================================================
Reconciling Periode: 2026-07-01 -> 2026-07-31
✅ Neraca Balance (Laba Bersih: Rp 0)
Reconciling Periode: 2026-06-01 -> 2026-06-30
✅ Neraca Balance (Laba Bersih: Rp 2.557.490)
Result: ALL BALANCED

==================================================
AUTOMATIC RECONCILIATION RUN: 2026-07-21T20:43:44.621Z
==================================================
Reconciling Periode: 2026-07-01 -> 2026-07-31
✅ Neraca Balance (Laba Bersih: Rp 0)
Reconciling Periode: 2026-06-01 -> 2026-06-30
✅ Neraca Balance (Laba Bersih: Rp 2.557.490)
Result: ALL BALANCED

==================================================
AUTOMATIC RECONCILIATION RUN: 2026-07-21T20:55:06.035Z
==================================================
Reconciling Periode: 2026-07-01 -> 2026-07-31
✅ Neraca Balance (Laba Bersih: Rp 0)
Reconciling Periode: 2026-06-01 -> 2026-06-30
✅ Neraca Balance (Laba Bersih: Rp 2.562.990)
Result: ALL BALANCED

==================================================
AUTOMATIC RECONCILIATION RUN: 2026-07-21T20:58:43.697Z
==================================================
Reconciling Periode: 2026-07-01 -> 2026-07-31
✅ Neraca Balance (Laba Bersih: Rp 0)
Reconciling Periode: 2026-06-01 -> 2026-06-30
✅ Neraca Balance (Laba Bersih: Rp 2.562.990)
Result: ALL BALANCED

==================================================
AUTOMATIC RECONCILIATION RUN: 2026-07-21T21:10:55.170Z
==================================================
Reconciling Periode: 2026-07-01 -> 2026-07-31
✅ Neraca Balance (Laba Bersih: Rp 0)
Reconciling Periode: 2026-06-01 -> 2026-06-30
✅ Neraca Balance (Laba Bersih: Rp 2.562.990)
Result: ALL BALANCED

==================================================
AUTOMATIC RECONCILIATION RUN: 2026-07-21T21:14:31.120Z
==================================================
Reconciling Periode: 2026-07-01 -> 2026-07-31
✅ Neraca Balance (Laba Bersih: Rp 0)
Reconciling Periode: 2026-06-01 -> 2026-06-30
✅ Neraca Balance (Laba Bersih: Rp 2.562.990)
Result: ALL BALANCED

==================================================
AUTOMATIC RECONCILIATION RUN: 2026-07-22T08:14:33.831Z
==================================================
Reconciling Periode: 2026-07-01 -> 2026-07-31
✅ Neraca Balance (Laba Bersih: Rp 0)
Reconciling Periode: 2026-06-01 -> 2026-06-30
✅ Neraca Balance (Laba Bersih: Rp 2.562.990)
Result: ALL BALANCED

==================================================
AUTOMATIC RECONCILIATION RUN: 2026-07-24T03:42:31.258Z
==================================================
Reconciling Periode: 2026-07-01 -> 2026-07-31
✅ Neraca Balance (Laba Bersih: Rp 0)
Reconciling Periode: 2026-06-01 -> 2026-06-30
✅ Neraca Balance (Laba Bersih: Rp 2.562.990)
Result: ALL BALANCED

==================================================
AUTOMATIC RECONCILIATION RUN: 2026-07-24T04:00:57.399Z
==================================================
Reconciling Periode: 2026-07-01 -> 2026-07-31
✅ Neraca Balance (Laba Bersih: Rp 0)
Reconciling Periode: 2026-06-01 -> 2026-06-30
✅ Neraca Balance (Laba Bersih: Rp 2.562.990)
Result: ALL BALANCED

==================================================
AUTOMATIC RECONCILIATION RUN: 2026-09-28T05:13:46.080Z
==================================================
Reconciling Periode: 2026-09-01 -> 2026-09-30
✅ Neraca Balance (Laba Bersih: Rp 0)
Reconciling Periode: 2026-08-01 -> 2026-08-31
✅ Neraca Balance (Laba Bersih: Rp 0)
Result: ALL BALANCED

==================================================
AUTOMATIC RECONCILIATION RUN: 2026-09-28T05:59:30.088Z
==================================================
Reconciling Periode: 2026-09-01 -> 2026-09-30
✅ Neraca Balance (Laba Bersih: Rp 101.780)
Reconciling Periode: 2026-08-01 -> 2026-08-31
✅ Neraca Balance (Laba Bersih: Rp 0)
Result: ALL BALANCED

==================================================
AUTOMATIC RECONCILIATION RUN: 2026-09-29T01:06:38.100Z
==================================================
ERROR DURING RECONCILIATION: read ECONNRESET

==================================================
AUTOMATIC RECONCILIATION RUN: 2026-09-29T08:20:14.095Z
==================================================
Reconciling Periode: 2026-09-01 -> 2026-09-30
✅ Neraca Balance (Laba Bersih: Rp 198.390)
Reconciling Periode: 2026-08-01 -> 2026-08-31
✅ Neraca Balance (Laba Bersih: Rp 0)
Result: ALL BALANCED

==================================================
AUTOMATIC RECONCILIATION RUN: 2026-09-29T08:42:06.227Z
==================================================
Reconciling Periode: 2026-09-01 -> 2026-09-30
✅ Neraca Balance (Laba Bersih: Rp 264.520)
Reconciling Periode: 2026-08-01 -> 2026-08-31
✅ Neraca Balance (Laba Bersih: Rp 0)
Result: ALL BALANCED

==================================================
AUTOMATIC RECONCILIATION RUN: 2026-09-29T08:43:41.198Z
==================================================
Reconciling Periode: 2026-09-01 -> 2026-09-30
✅ Neraca Balance (Laba Bersih: Rp 264.520)
Reconciling Periode: 2026-08-01 -> 2026-08-31
✅ Neraca Balance (Laba Bersih: Rp 0)
Result: ALL BALANCED

==================================================
AUTOMATIC RECONCILIATION RUN: 2026-09-29T10:15:30.992Z
==================================================
Reconciling Periode: 2026-09-01 -> 2026-09-30
✅ Neraca Balance (Laba Bersih: Rp 64.520)
Reconciling Periode: 2026-08-01 -> 2026-08-31
✅ Neraca Balance (Laba Bersih: Rp 0)
Result: ALL BALANCED
